{-# LANGUAGE BangPatterns, ViewPatterns #-}
module Main (main) where
someFun (id -> !arg) = undefined
