{-# LANGUAGE BangPatterns #-}
module Main (main) where
(!) arr i = arr i
