module Main (main) where

data UI = UI {-# NOUNPACK #-} !Int
